Archive member included to satisfy reference by file (symbol)

/usr/lib/gcc/arm-none-eabi/15.2.0/../../../../arm-none-eabi/lib/thumb/v7e-m+fp/hard/libc.a(libc_a-memset.o)
                              sim_core.o (memset)

Discarded input sections

 .group         0x00000000        0xc ../common/startup.o
 .group         0x00000000        0xc ../common/startup.o
 .group         0x00000000        0xc ../common/startup.o
 .group         0x00000000        0xc ../common/startup.o
 .group         0x00000000        0xc ../common/startup.o
 .group         0x00000000        0xc ../common/startup.o
 .group         0x00000000        0xc ../common/startup.o
 .group         0x00000000        0xc ../common/startup.o
 .group         0x00000000        0xc ../common/startup.o
 .group         0x00000000        0xc ../common/startup.o
 .group         0x00000000        0xc ../common/startup.o
 .group         0x00000000        0xc ../common/startup.o
 .group         0x00000000        0xc ../common/startup.o
 .group         0x00000000        0xc ../common/startup.o
 .group         0x00000000        0xc ../common/startup.o
 .group         0x00000000        0xc ../common/startup.o
 .text          0x00000000        0x0 ../common/startup.o
 .data          0x00000000        0x0 ../common/startup.o
 .bss           0x00000000        0x0 ../common/startup.o
 .group         0x00000000        0xc ../common/delay.o
 .group         0x00000000        0xc ../common/delay.o
 .group         0x00000000        0xc ../common/delay.o
 .group         0x00000000        0xc ../common/delay.o
 .group         0x00000000        0xc ../common/delay.o
 .group         0x00000000        0xc ../common/delay.o
 .group         0x00000000        0xc ../common/delay.o
 .group         0x00000000        0xc ../common/delay.o
 .group         0x00000000        0xc ../common/delay.o
 .group         0x00000000        0xc ../common/delay.o
 .group         0x00000000        0xc ../common/delay.o
 .group         0x00000000        0xc ../common/delay.o
 .group         0x00000000        0xc ../common/delay.o
 .group         0x00000000        0xc ../common/delay.o
 .group         0x00000000        0xc ../common/delay.o
 .group         0x00000000        0xc ../common/delay.o
 .text          0x00000000        0x0 ../common/delay.o
 .data          0x00000000        0x0 ../common/delay.o
 .bss           0x00000000        0x0 ../common/delay.o
 .debug_macro   0x00000000      0xad8 ../common/delay.o
 .debug_macro   0x00000000       0x22 ../common/delay.o
 .debug_macro   0x00000000       0x8e ../common/delay.o
 .debug_macro   0x00000000       0x51 ../common/delay.o
 .debug_macro   0x00000000      0x103 ../common/delay.o
 .debug_macro   0x00000000       0x6a ../common/delay.o
 .debug_macro   0x00000000      0x1df ../common/delay.o
 .debug_macro   0x00000000       0x2e ../common/delay.o
 .debug_macro   0x00000000       0x28 ../common/delay.o
 .debug_macro   0x00000000       0x1c ../common/delay.o
 .debug_macro   0x00000000       0x22 ../common/delay.o
 .debug_macro   0x00000000       0xfb ../common/delay.o
 .debug_macro   0x00000000     0x1011 ../common/delay.o
 .debug_macro   0x00000000      0x11f ../common/delay.o
 .debug_macro   0x00000000     0xb968 ../common/delay.o
 .debug_macro   0x00000000       0x6d ../common/delay.o
 .group         0x00000000        0xc ../common/uart.o
 .group         0x00000000        0xc ../common/uart.o
 .group         0x00000000        0xc ../common/uart.o
 .group         0x00000000        0xc ../common/uart.o
 .group         0x00000000        0xc ../common/uart.o
 .group         0x00000000        0xc ../common/uart.o
 .group         0x00000000        0xc ../common/uart.o
 .group         0x00000000        0xc ../common/uart.o
 .group         0x00000000        0xc ../common/uart.o
 .group         0x00000000        0xc ../common/uart.o
 .group         0x00000000        0xc ../common/uart.o
 .group         0x00000000        0xc ../common/uart.o
 .group         0x00000000        0xc ../common/uart.o
 .group         0x00000000        0xc ../common/uart.o
 .group         0x00000000        0xc ../common/uart.o
 .group         0x00000000        0xc ../common/uart.o
 .group         0x00000000        0xc ../common/uart.o
 .text          0x00000000        0x0 ../common/uart.o
 .data          0x00000000        0x0 ../common/uart.o
 .bss           0x00000000        0x0 ../common/uart.o
 .text.uart_write
                0x00000000       0x58 ../common/uart.o
 .text.uart_puts
                0x00000000       0x18 ../common/uart.o
 .text.uart_getc
                0x00000000       0x2c ../common/uart.o
 .text.uart_putc_raw
                0x00000000       0x3c ../common/uart.o
 .text.uart_flush
                0x00000000       0x2c ../common/uart.o
 .debug_macro   0x00000000      0xad8 ../common/uart.o
 .debug_macro   0x00000000       0x2e ../common/uart.o
 .debug_macro   0x00000000       0x28 ../common/uart.o
 .debug_macro   0x00000000       0x22 ../common/uart.o
 .debug_macro   0x00000000       0x8e ../common/uart.o
 .debug_macro   0x00000000       0x51 ../common/uart.o
 .debug_macro   0x00000000      0x103 ../common/uart.o
 .debug_macro   0x00000000       0x6a ../common/uart.o
 .debug_macro   0x00000000      0x1df ../common/uart.o
 .debug_macro   0x00000000       0x1c ../common/uart.o
 .debug_macro   0x00000000       0x22 ../common/uart.o
 .debug_macro   0x00000000       0xfb ../common/uart.o
 .debug_macro   0x00000000     0x1011 ../common/uart.o
 .debug_macro   0x00000000      0x11f ../common/uart.o
 .debug_macro   0x00000000     0xb968 ../common/uart.o
 .debug_macro   0x00000000       0x6d ../common/uart.o
 .group         0x00000000        0xc ../common/syscall.o
 .group         0x00000000        0xc ../common/syscall.o
 .group         0x00000000        0xc ../common/syscall.o
 .group         0x00000000        0xc ../common/syscall.o
 .group         0x00000000        0xc ../common/syscall.o
 .group         0x00000000        0xc ../common/syscall.o
 .group         0x00000000        0xc ../common/syscall.o
 .group         0x00000000        0xc ../common/syscall.o
 .group         0x00000000        0xc ../common/syscall.o
 .group         0x00000000        0xc ../common/syscall.o
 .group         0x00000000        0xc ../common/syscall.o
 .group         0x00000000        0xc ../common/syscall.o
 .group         0x00000000        0xc ../common/syscall.o
 .group         0x00000000        0xc ../common/syscall.o
 .group         0x00000000        0xc ../common/syscall.o
 .group         0x00000000        0xc ../common/syscall.o
 .group         0x00000000        0xc ../common/syscall.o
 .group         0x00000000        0xc ../common/syscall.o
 .group         0x00000000        0xc ../common/syscall.o
 .group         0x00000000        0xc ../common/syscall.o
 .group         0x00000000        0xc ../common/syscall.o
 .group         0x00000000        0xc ../common/syscall.o
 .group         0x00000000        0xc ../common/syscall.o
 .group         0x00000000        0xc ../common/syscall.o
 .group         0x00000000        0xc ../common/syscall.o
 .group         0x00000000        0xc ../common/syscall.o
 .group         0x00000000        0xc ../common/syscall.o
 .group         0x00000000        0xc ../common/syscall.o
 .group         0x00000000        0xc ../common/syscall.o
 .group         0x00000000        0xc ../common/syscall.o
 .group         0x00000000        0xc ../common/syscall.o
 .group         0x00000000        0xc ../common/syscall.o
 .group         0x00000000        0xc ../common/syscall.o
 .group         0x00000000        0xc ../common/syscall.o
 .group         0x00000000        0xc ../common/syscall.o
 .group         0x00000000        0xc ../common/syscall.o
 .group         0x00000000        0xc ../common/syscall.o
 .group         0x00000000        0xc ../common/syscall.o
 .group         0x00000000        0xc ../common/syscall.o
 .group         0x00000000        0xc ../common/syscall.o
 .group         0x00000000        0xc ../common/syscall.o
 .group         0x00000000        0xc ../common/syscall.o
 .group         0x00000000        0xc ../common/syscall.o
 .text          0x00000000        0x0 ../common/syscall.o
 .data          0x00000000        0x0 ../common/syscall.o
 .bss           0x00000000        0x0 ../common/syscall.o
 .text._write   0x00000000       0x1c ../common/syscall.o
 .text._read    0x00000000       0x2c ../common/syscall.o
 .text._sbrk    0x00000000       0x2c ../common/syscall.o
 .text._exit    0x00000000        0x4 ../common/syscall.o
 .text._kill    0x00000000        0x8 ../common/syscall.o
 .text._getpid  0x00000000        0x4 ../common/syscall.o
 .text._close   0x00000000        0x8 ../common/syscall.o
 .text._fstat   0x00000000        0xc ../common/syscall.o
 .text._isatty  0x00000000        0x4 ../common/syscall.o
 .text._lseek   0x00000000        0x4 ../common/syscall.o
 .bss.heap_end  0x00000000        0x4 ../common/syscall.o
 .debug_info    0x00000000      0x59b ../common/syscall.o
 .debug_abbrev  0x00000000      0x1d3 ../common/syscall.o
 .debug_loclists
                0x00000000      0x214 ../common/syscall.o
 .debug_aranges
                0x00000000       0x68 ../common/syscall.o
 .debug_rnglists
                0x00000000       0x6d ../common/syscall.o
 .debug_macro   0x00000000      0x22a ../common/syscall.o
 .debug_macro   0x00000000      0xad8 ../common/syscall.o
 .debug_macro   0x00000000       0x22 ../common/syscall.o
 .debug_macro   0x00000000       0x6e ../common/syscall.o
 .debug_macro   0x00000000       0x2a ../common/syscall.o
 .debug_macro   0x00000000       0x94 ../common/syscall.o
 .debug_macro   0x00000000       0x3c ../common/syscall.o
 .debug_macro   0x00000000       0x34 ../common/syscall.o
 .debug_macro   0x00000000       0x57 ../common/syscall.o
 .debug_macro   0x00000000      0x190 ../common/syscall.o
 .debug_macro   0x00000000      0x364 ../common/syscall.o
 .debug_macro   0x00000000       0x16 ../common/syscall.o
 .debug_macro   0x00000000       0x4a ../common/syscall.o
 .debug_macro   0x00000000       0x34 ../common/syscall.o
 .debug_macro   0x00000000       0x10 ../common/syscall.o
 .debug_macro   0x00000000       0x58 ../common/syscall.o
 .debug_macro   0x00000000      0x1e5 ../common/syscall.o
 .debug_macro   0x00000000       0x10 ../common/syscall.o
 .debug_macro   0x00000000       0x3c ../common/syscall.o
 .debug_macro   0x00000000       0x10 ../common/syscall.o
 .debug_macro   0x00000000       0x10 ../common/syscall.o
 .debug_macro   0x00000000       0x10 ../common/syscall.o
 .debug_macro   0x00000000       0x6a ../common/syscall.o
 .debug_macro   0x00000000       0x1c ../common/syscall.o
 .debug_macro   0x00000000       0x52 ../common/syscall.o
 .debug_macro   0x00000000       0x22 ../common/syscall.o
 .debug_macro   0x00000000       0x10 ../common/syscall.o
 .debug_macro   0x00000000       0x52 ../common/syscall.o
 .debug_macro   0x00000000       0xcf ../common/syscall.o
 .debug_macro   0x00000000       0x1c ../common/syscall.o
 .debug_macro   0x00000000       0x3d ../common/syscall.o
 .debug_macro   0x00000000       0x35 ../common/syscall.o
 .debug_macro   0x00000000      0x12c ../common/syscall.o
 .debug_macro   0x00000000      0x103 ../common/syscall.o
 .debug_macro   0x00000000      0x1df ../common/syscall.o
 .debug_macro   0x00000000       0x2e ../common/syscall.o
 .debug_macro   0x00000000       0x28 ../common/syscall.o
 .debug_macro   0x00000000       0x1c ../common/syscall.o
 .debug_macro   0x00000000       0x22 ../common/syscall.o
 .debug_macro   0x00000000       0xfb ../common/syscall.o
 .debug_macro   0x00000000     0x1011 ../common/syscall.o
 .debug_macro   0x00000000      0x11f ../common/syscall.o
 .debug_macro   0x00000000     0xb968 ../common/syscall.o
 .debug_macro   0x00000000       0x6d ../common/syscall.o
 .debug_line    0x00000000      0x534 ../common/syscall.o
 .debug_str     0x00000000    0x53d93 ../common/syscall.o
 .comment       0x00000000       0x1c ../common/syscall.o
 .debug_frame   0x00000000       0xcc ../common/syscall.o
 .ARM.attributes
                0x00000000       0x34 ../common/syscall.o
 .group         0x00000000        0xc main.o
 .group         0x00000000        0xc main.o
 .group         0x00000000        0xc main.o
 .group         0x00000000        0xc main.o
 .group         0x00000000        0xc main.o
 .group         0x00000000        0xc main.o
 .group         0x00000000        0xc main.o
 .group         0x00000000        0xc main.o
 .group         0x00000000        0xc main.o
 .group         0x00000000        0xc main.o
 .group         0x00000000        0xc main.o
 .group         0x00000000        0xc main.o
 .group         0x00000000        0xc main.o
 .group         0x00000000        0xc main.o
 .group         0x00000000        0xc main.o
 .group         0x00000000        0xc main.o
 .group         0x00000000        0xc main.o
 .group         0x00000000        0xc main.o
 .text          0x00000000        0x0 main.o
 .data          0x00000000        0x0 main.o
 .bss           0x00000000        0x0 main.o
 .debug_macro   0x00000000      0xad8 main.o
 .debug_macro   0x00000000       0x2e main.o
 .debug_macro   0x00000000       0x28 main.o
 .debug_macro   0x00000000       0x22 main.o
 .debug_macro   0x00000000       0x8e main.o
 .debug_macro   0x00000000       0x51 main.o
 .debug_macro   0x00000000      0x103 main.o
 .debug_macro   0x00000000       0x6a main.o
 .debug_macro   0x00000000      0x1df main.o
 .debug_macro   0x00000000       0x1c main.o
 .debug_macro   0x00000000       0x22 main.o
 .debug_macro   0x00000000       0xfb main.o
 .debug_macro   0x00000000     0x1011 main.o
 .debug_macro   0x00000000      0x11f main.o
 .debug_macro   0x00000000     0xb968 main.o
 .debug_macro   0x00000000       0x6d main.o
 .group         0x00000000        0xc sim_bdm.o
 .group         0x00000000        0xc sim_bdm.o
 .group         0x00000000        0xc sim_bdm.o
 .group         0x00000000        0xc sim_bdm.o
 .group         0x00000000        0xc sim_bdm.o
 .group         0x00000000        0xc sim_bdm.o
 .group         0x00000000        0xc sim_bdm.o
 .group         0x00000000        0xc sim_bdm.o
 .group         0x00000000        0xc sim_bdm.o
 .group         0x00000000        0xc sim_bdm.o
 .group         0x00000000        0xc sim_bdm.o
 .group         0x00000000        0xc sim_bdm.o
 .group         0x00000000        0xc sim_bdm.o
 .group         0x00000000        0xc sim_bdm.o
 .group         0x00000000        0xc sim_bdm.o
 .group         0x00000000        0xc sim_bdm.o
 .group         0x00000000        0xc sim_bdm.o
 .group         0x00000000        0xc sim_bdm.o
 .text          0x00000000        0x0 sim_bdm.o
 .data          0x00000000        0x0 sim_bdm.o
 .bss           0x00000000        0x0 sim_bdm.o
 .debug_macro   0x00000000      0xad8 sim_bdm.o
 .debug_macro   0x00000000       0x22 sim_bdm.o
 .debug_macro   0x00000000       0x8e sim_bdm.o
 .debug_macro   0x00000000       0x51 sim_bdm.o
 .debug_macro   0x00000000      0x103 sim_bdm.o
 .debug_macro   0x00000000       0x6a sim_bdm.o
 .debug_macro   0x00000000      0x1df sim_bdm.o
 .debug_macro   0x00000000       0x2e sim_bdm.o
 .debug_macro   0x00000000       0x28 sim_bdm.o
 .debug_macro   0x00000000       0x1c sim_bdm.o
 .debug_macro   0x00000000       0x22 sim_bdm.o
 .debug_macro   0x00000000       0xfb sim_bdm.o
 .debug_macro   0x00000000     0x1011 sim_bdm.o
 .debug_macro   0x00000000      0x11f sim_bdm.o
 .debug_macro   0x00000000     0xb968 sim_bdm.o
 .debug_macro   0x00000000       0x6d sim_bdm.o
 .debug_macro   0x00000000       0x22 sim_bdm.o
 .group         0x00000000        0xc sim_core.o
 .group         0x00000000        0xc sim_core.o
 .group         0x00000000        0xc sim_core.o
 .group         0x00000000        0xc sim_core.o
 .group         0x00000000        0xc sim_core.o
 .group         0x00000000        0xc sim_core.o
 .group         0x00000000        0xc sim_core.o
 .group         0x00000000        0xc sim_core.o
 .group         0x00000000        0xc sim_core.o
 .group         0x00000000        0xc sim_core.o
 .group         0x00000000        0xc sim_core.o
 .group         0x00000000        0xc sim_core.o
 .group         0x00000000        0xc sim_core.o
 .group         0x00000000        0xc sim_core.o
 .group         0x00000000        0xc sim_core.o
 .group         0x00000000        0xc sim_core.o
 .group         0x00000000        0xc sim_core.o
 .group         0x00000000        0xc sim_core.o
 .group         0x00000000        0xc sim_core.o
 .group         0x00000000        0xc sim_core.o
 .group         0x00000000        0xc sim_core.o
 .group         0x00000000        0xc sim_core.o
 .group         0x00000000        0xc sim_core.o
 .text          0x00000000        0x0 sim_core.o
 .data          0x00000000        0x0 sim_core.o
 .bss           0x00000000        0x0 sim_core.o
 .text.sim_core_in_bdm
                0x00000000        0xc sim_core.o
 .text.sim_core_entry_source
                0x00000000        0xc sim_core.o
 .debug_macro   0x00000000      0xad8 sim_core.o
 .debug_macro   0x00000000       0x22 sim_core.o
 .debug_macro   0x00000000       0x6e sim_core.o
 .debug_macro   0x00000000       0x2a sim_core.o
 .debug_macro   0x00000000       0x94 sim_core.o
 .debug_macro   0x00000000       0x3c sim_core.o
 .debug_macro   0x00000000       0x34 sim_core.o
 .debug_macro   0x00000000      0x190 sim_core.o
 .debug_macro   0x00000000       0x57 sim_core.o
 .debug_macro   0x00000000      0x364 sim_core.o
 .debug_macro   0x00000000       0x16 sim_core.o
 .debug_macro   0x00000000       0x4a sim_core.o
 .debug_macro   0x00000000       0x34 sim_core.o
 .debug_macro   0x00000000       0x10 sim_core.o
 .debug_macro   0x00000000       0x58 sim_core.o
 .debug_macro   0x00000000      0x1e5 sim_core.o
 .debug_macro   0x00000000       0x3c sim_core.o
 .debug_macro   0x00000000      0x103 sim_core.o
 .debug_macro   0x00000000       0x6a sim_core.o
 .debug_macro   0x00000000      0x1df sim_core.o
 .debug_macro   0x00000000       0x22 sim_core.o
 .debug_macro   0x00000000       0x10 sim_core.o
 .group         0x00000000        0xc sim_debug.o
 .group         0x00000000        0xc sim_debug.o
 .group         0x00000000        0xc sim_debug.o
 .group         0x00000000        0xc sim_debug.o
 .group         0x00000000        0xc sim_debug.o
 .group         0x00000000        0xc sim_debug.o
 .group         0x00000000        0xc sim_debug.o
 .group         0x00000000        0xc sim_debug.o
 .group         0x00000000        0xc sim_debug.o
 .group         0x00000000        0xc sim_debug.o
 .group         0x00000000        0xc sim_debug.o
 .group         0x00000000        0xc sim_debug.o
 .group         0x00000000        0xc sim_debug.o
 .group         0x00000000        0xc sim_debug.o
 .group         0x00000000        0xc sim_debug.o
 .group         0x00000000        0xc sim_debug.o
 .group         0x00000000        0xc sim_debug.o
 .group         0x00000000        0xc sim_debug.o
 .group         0x00000000        0xc sim_debug.o
 .group         0x00000000        0xc sim_debug.o
 .group         0x00000000        0xc sim_debug.o
 .group         0x00000000        0xc sim_debug.o
 .group         0x00000000        0xc sim_debug.o
 .text          0x00000000        0x0 sim_debug.o
 .data          0x00000000        0x0 sim_debug.o
 .bss           0x00000000        0x0 sim_debug.o
 .text.dbg_pending
                0x00000000       0x1c sim_debug.o
 .debug_macro   0x00000000      0xad8 sim_debug.o
 .debug_macro   0x00000000       0x22 sim_debug.o
 .debug_macro   0x00000000       0x6e sim_debug.o
 .debug_macro   0x00000000       0x2a sim_debug.o
 .debug_macro   0x00000000       0x94 sim_debug.o
 .debug_macro   0x00000000       0x3c sim_debug.o
 .debug_macro   0x00000000       0x34 sim_debug.o
 .debug_macro   0x00000000      0x190 sim_debug.o
 .debug_macro   0x00000000       0x57 sim_debug.o
 .debug_macro   0x00000000      0x364 sim_debug.o
 .debug_macro   0x00000000       0x16 sim_debug.o
 .debug_macro   0x00000000       0x4a sim_debug.o
 .debug_macro   0x00000000       0x34 sim_debug.o
 .debug_macro   0x00000000       0x10 sim_debug.o
 .debug_macro   0x00000000       0x58 sim_debug.o
 .debug_macro   0x00000000      0x1e5 sim_debug.o
 .debug_macro   0x00000000       0x10 sim_debug.o
 .debug_macro   0x00000000       0x3c sim_debug.o
 .debug_macro   0x00000000      0x103 sim_debug.o
 .debug_macro   0x00000000       0x6a sim_debug.o
 .debug_macro   0x00000000      0x1df sim_debug.o
 .debug_macro   0x00000000       0x22 sim_debug.o
 .text          0x00000000        0x0 /usr/lib/gcc/arm-none-eabi/15.2.0/../../../../arm-none-eabi/lib/thumb/v7e-m+fp/hard/libc.a(libc_a-memset.o)
 .data          0x00000000        0x0 /usr/lib/gcc/arm-none-eabi/15.2.0/../../../../arm-none-eabi/lib/thumb/v7e-m+fp/hard/libc.a(libc_a-memset.o)
 .bss           0x00000000        0x0 /usr/lib/gcc/arm-none-eabi/15.2.0/../../../../arm-none-eabi/lib/thumb/v7e-m+fp/hard/libc.a(libc_a-memset.o)

Memory Configuration

Name             Origin             Length             Attributes
FLASHROM         0x08000000         0x00080000         xr
RAM              0x20000000         0x00020000         rw
*default*        0x00000000         0xffffffff

Linker script and memory map

LOAD ../common/startup.o
LOAD ../common/delay.o
LOAD ../common/uart.o
LOAD ../common/syscall.o
LOAD main.o
LOAD sim_bdm.o
LOAD sim_core.o
LOAD sim_debug.o
LOAD /usr/lib/gcc/arm-none-eabi/15.2.0/../../../../arm-none-eabi/lib/thumb/v7e-m+fp/hard/libc.a
LOAD /usr/lib/gcc/arm-none-eabi/15.2.0/thumb/v7e-m+fp/hard/libgcc.a
START GROUP
LOAD /usr/lib/gcc/arm-none-eabi/15.2.0/thumb/v7e-m+fp/hard/libgcc.a
LOAD /usr/lib/gcc/arm-none-eabi/15.2.0/../../../../arm-none-eabi/lib/thumb/v7e-m+fp/hard/libg.a
LOAD /usr/lib/gcc/arm-none-eabi/15.2.0/../../../../arm-none-eabi/lib/thumb/v7e-m+fp/hard/libc.a
END GROUP
                0x20020000                        _estack = (ORIGIN (RAM) + LENGTH (RAM))
                0x00000400                        _Min_Stack_Size = 0x400

.isr_vector     0x08000000       0xd8
                0x08000000                        . = ALIGN (0x4)
 *(.isr_vector)
 .isr_vector    0x08000000       0xd8 ../common/startup.o
                0x08000000                vector_table
                0x080000d8                        . = ALIGN (0x4)

.text           0x080000d8     0x10a0
                0x080000d8                        . = ALIGN (0x4)
 *(.text)
 *(.text*)
 .text.Default_Handler
                0x080000d8        0x4 ../common/startup.o
                0x080000d8                DebugMon_Handler
                0x080000d8                HardFault_Handler
                0x080000d8                SysTick_Handler
                0x080000d8                PendSV_Handler
                0x080000d8                NMI_Handler
                0x080000d8                UsageFault_Handler
                0x080000d8                Default_Handler
                0x080000d8                MemManage_Handler
                0x080000d8                SVC_Handler
                0x080000d8                BusFault_Handler
 .text.SystemInit
                0x080000dc       0xc4 ../common/startup.o
                0x080000dc                SystemInit
 .text.Reset_Handler
                0x080001a0       0x74 ../common/startup.o
                0x080001a0                Reset_Handler
 .text.delay_us
                0x08000214       0x4c ../common/delay.o
                0x08000214                delay_us
 .text.delay_ms
                0x08000260       0x54 ../common/delay.o
                0x08000260                delay_ms
 .text.USART1_Handler
                0x080002b4       0x84 ../common/uart.o
                0x080002b4                USART1_Handler
 .text.uart_init
                0x08000338       0x88 ../common/uart.o
                0x08000338                uart_init
 .text.uart_putc
                0x080003c0       0x74 ../common/uart.o
                0x080003c0                uart_putc
 .text.startup.main
                0x08000434       0x84 main.o
                0x08000434                main
 .text.sim_bdm_init
                0x080004b8       0x8c sim_bdm.o
                0x080004b8                sim_bdm_init
 .text.sim_bdm_shift_word
                0x08000544       0x70 sim_bdm.o
                0x08000544                sim_bdm_shift_word
 .text.sim_bdm_wait_preamble
                0x080005b4       0x30 sim_bdm.o
                0x080005b4                sim_bdm_wait_preamble
 .text.sim_bdm_assert_freeze
                0x080005e4       0x10 sim_bdm.o
                0x080005e4                sim_bdm_assert_freeze
 .text.sim_bdm_deassert_freeze
                0x080005f4        0xc sim_bdm.o
                0x080005f4                sim_bdm_deassert_freeze
 .text.sim_bdm_reset_asserted
                0x08000600       0x18 sim_bdm.o
                0x08000600                sim_bdm_reset_asserted
 .text.sim_bdm_bkpt_sampled
                0x08000618       0x10 sim_bdm.o
                0x08000618                sim_bdm_bkpt_sampled
 .text.mem_write_long
                0x08000628       0x38 sim_core.o
 .text.mem_read_long
                0x08000660       0x34 sim_core.o
 .text.exec_opcode
                0x08000694      0x264 sim_core.o
 .text.sim_core_run
                0x080008f8      0x370 sim_core.o
                0x080008f8                sim_core_run
 .text.sim_core_init
                0x08000c68       0xa0 sim_core.o
                0x08000c68                sim_core_init
 .text.fmt_u32  0x08000d08       0x74 sim_debug.o
 .text.dbg_init
                0x08000d7c       0x10 sim_debug.o
                0x08000d7c                dbg_init
 .text.dbg_log  0x08000d8c      0x23c sim_debug.o
                0x08000d8c                dbg_log
 .text.dbg_drain
                0x08000fc8       0x30 sim_debug.o
                0x08000fc8                dbg_drain
 .text.dbg_event
                0x08000ff8       0x50 sim_debug.o
                0x08000ff8                dbg_event
 .text.memset   0x08001048       0x88 /usr/lib/gcc/arm-none-eabi/15.2.0/../../../../arm-none-eabi/lib/thumb/v7e-m+fp/hard/libc.a(libc_a-memset.o)
                0x08001048                memset
 *(.rodata)
 *(.rodata*)
 .rodata.dbg_event.str1.4
                0x080010d0       0x7d sim_debug.o
                                 0x28 (size before relaxing)
 .rodata.str1.4
                0x0800114d       0x55 sim_debug.o
 *fill*         0x0800114d        0x3 
 .rodata.event_names
                0x08001150       0x28 sim_debug.o
                0x08001178                        . = ALIGN (0x4)
                0x08001178                        _etext = .

.glue_7         0x08001178        0x0
 .glue_7        0x08001178        0x0 linker stubs

.glue_7t        0x08001178        0x0
 .glue_7t       0x08001178        0x0 linker stubs

.vfp11_veneer   0x08001178        0x0
 .vfp11_veneer  0x08001178        0x0 linker stubs

.v4_bx          0x08001178        0x0
 .v4_bx         0x08001178        0x0 linker stubs

.iplt           0x08001178        0x0
 .iplt          0x08001178        0x0 ../common/startup.o

.rel.dyn        0x08001178        0x0
 .rel.iplt      0x08001178        0x0 ../common/startup.o

.ARM.extab      0x08001178        0x0
                0x08001178                        . = ALIGN (0x4)
 *(.ARM.extab*)
                0x08001178                        . = ALIGN (0x4)

.ARM.exidx      0x08001178        0x0
                0x08001178                        __exidx_start = .
 *(.ARM.exidx*)
                0x08001178                        __exidx_end = .
                0x08001178                        . = ALIGN (0x4)
                0x08001178                        _sidata = .

.data           0x20000000        0x4 load address 0x08001178
                0x20000000                        . = ALIGN (0x4)
                0x20000000                        _sdata = .
 *(.data)
 *(.data*)
 .data.SystemCoreClock
                0x20000000        0x4 ../common/startup.o
                0x20000000                SystemCoreClock
                0x20000004                        . = ALIGN (0x4)
                0x20000004                        _edata = .

.igot.plt       0x20000004        0x0 load address 0x0800117c
 .igot.plt      0x20000004        0x0 ../common/startup.o

.bss            0x20000004        0x0
                0x20000004                        . = ALIGN (0x4)
                0x20000004                        _sbss = .
 *(.bss)
 *(COMMON)
                0x20000004                        . = ALIGN (0x4)
                0x20000004                        _ebss = .

.bss.rx_buf     0x20000004      0x104 load address 0x0800117c
 .bss.rx_buf    0x20000004      0x104 ../common/uart.o

.bss.tx_buf     0x20000108      0x104 load address 0x08001280
 .bss.tx_buf    0x20000108      0x104 ../common/uart.o

.bss.reset_was_low.0
                0x2000020c        0x1 load address 0x08001384
 .bss.reset_was_low.0
                0x2000020c        0x1 sim_core.o

.bss.addr_ptr   0x20000210        0x4 load address 0x08001388
 .bss.addr_ptr  0x20000210        0x4 sim_core.o

.bss.in_bdm_mode
                0x20000214        0x1 load address 0x0800138c
 .bss.in_bdm_mode
                0x20000214        0x1 sim_core.o

.bss.memory     0x20000218     0x1000 load address 0x08001390
 .bss.memory    0x20000218     0x1000 sim_core.o

.bss.dfc        0x20001218        0x1 load address 0x08002390
 .bss.dfc       0x20001218        0x1 sim_core.o

.bss.sfc        0x20001219        0x1 load address 0x08002391
 .bss.sfc       0x20001219        0x1 sim_core.o

.bss.ssp        0x2000121c        0x4 load address 0x08002394
 .bss.ssp       0x2000121c        0x4 sim_core.o

.bss.usp        0x20001220        0x4 load address 0x08002398
 .bss.usp       0x20001220        0x4 sim_core.o

.bss.vbr        0x20001224        0x4 load address 0x0800239c
 .bss.vbr       0x20001224        0x4 sim_core.o

.bss.far        0x20001228        0x4 load address 0x080023a0
 .bss.far       0x20001228        0x4 sim_core.o

.bss.atemp      0x2000122c        0x4 load address 0x080023a4
 .bss.atemp     0x2000122c        0x4 sim_core.o

.bss.pcc        0x20001230        0x4 load address 0x080023a8
 .bss.pcc       0x20001230        0x4 sim_core.o

.bss.rpc        0x20001234        0x4 load address 0x080023ac
 .bss.rpc       0x20001234        0x4 sim_core.o

.bss.sr         0x20001238        0x2 load address 0x080023b0
 .bss.sr        0x20001238        0x2 sim_core.o

.bss.a_regs     0x2000123c       0x20 load address 0x080023b4
 .bss.a_regs    0x2000123c       0x20 sim_core.o

.bss.d_regs     0x2000125c       0x20 load address 0x080023d4
 .bss.d_regs    0x2000125c       0x20 sim_core.o

.bss.dbg_buf    0x2000127c      0x104 load address 0x080023f4
 .bss.dbg_buf   0x2000127c      0x104 sim_debug.o

._user_heap_stack
                0x20001380      0x400 load address 0x080024f8
                0x20001380                        . = ALIGN (0x8)
                0x20001780                        . = (. + _Min_Stack_Size)
 *fill*         0x20001380      0x400 
                0x20001780                        . = ALIGN (0x8)
OUTPUT(main.elf elf32-littlearm)
LOAD linker stubs

.debug_info     0x00000000     0x348f
 .debug_info    0x00000000      0x68f ../common/startup.o
 .debug_info    0x0000068f      0x1c8 ../common/delay.o
 .debug_info    0x00000857      0x8a1 ../common/uart.o
 .debug_info    0x000010f8      0x720 main.o
 .debug_info    0x00001818      0x474 sim_bdm.o
 .debug_info    0x00001c8c      0xe65 sim_core.o
 .debug_info    0x00002af1      0x99e sim_debug.o

.debug_abbrev   0x00000000      0xf51
 .debug_abbrev  0x00000000      0x1ca ../common/startup.o
 .debug_abbrev  0x000001ca      0x14a ../common/delay.o
 .debug_abbrev  0x00000314      0x252 ../common/uart.o
 .debug_abbrev  0x00000566      0x1e2 main.o
 .debug_abbrev  0x00000748      0x19b sim_bdm.o
 .debug_abbrev  0x000008e3      0x346 sim_core.o
 .debug_abbrev  0x00000c29      0x328 sim_debug.o

.debug_loclists
                0x00000000     0x1abf
 .debug_loclists
                0x00000000       0x64 ../common/startup.o
 .debug_loclists
                0x00000064       0x99 ../common/delay.o
 .debug_loclists
                0x000000fd      0x22e ../common/uart.o
 .debug_loclists
                0x0000032b       0x25 main.o
 .debug_loclists
                0x00000350      0x23d sim_bdm.o
 .debug_loclists
                0x0000058d      0xf46 sim_core.o
 .debug_loclists
                0x000014d3      0x5ec sim_debug.o

.debug_aranges  0x00000000      0x1b8
 .debug_aranges
                0x00000000       0x30 ../common/startup.o
 .debug_aranges
                0x00000030       0x28 ../common/delay.o
 .debug_aranges
                0x00000058       0x58 ../common/uart.o
 .debug_aranges
                0x000000b0       0x20 main.o
 .debug_aranges
                0x000000d0       0x50 sim_bdm.o
 .debug_aranges
                0x00000120       0x50 sim_core.o
 .debug_aranges
                0x00000170       0x48 sim_debug.o

.debug_rnglists
                0x00000000      0x439
 .debug_rnglists
                0x00000000       0x20 ../common/startup.o
 .debug_rnglists
                0x00000020       0x3d ../common/delay.o
 .debug_rnglists
                0x0000005d       0xd5 ../common/uart.o
 .debug_rnglists
                0x00000132       0x20 main.o
 .debug_rnglists
                0x00000152       0x56 sim_bdm.o
 .debug_rnglists
                0x000001a8      0x18b sim_core.o
 .debug_rnglists
                0x00000333      0x106 sim_debug.o

.debug_macro    0x00000000     0xe5d4
 .debug_macro   0x00000000       0xda ../common/startup.o
 .debug_macro   0x000000da      0xad8 ../common/startup.o
 .debug_macro   0x00000bb2       0x2e ../common/startup.o
 .debug_macro   0x00000be0       0x28 ../common/startup.o
 .debug_macro   0x00000c08       0x22 ../common/startup.o
 .debug_macro   0x00000c2a       0x8e ../common/startup.o
 .debug_macro   0x00000cb8       0x51 ../common/startup.o
 .debug_macro   0x00000d09      0x103 ../common/startup.o
 .debug_macro   0x00000e0c       0x6a ../common/startup.o
 .debug_macro   0x00000e76      0x1df ../common/startup.o
 .debug_macro   0x00001055       0x1c ../common/startup.o
 .debug_macro   0x00001071       0x22 ../common/startup.o
 .debug_macro   0x00001093       0xfb ../common/startup.o
 .debug_macro   0x0000118e     0x1011 ../common/startup.o
 .debug_macro   0x0000219f      0x11f ../common/startup.o
 .debug_macro   0x000022be     0xb968 ../common/startup.o
 .debug_macro   0x0000dc26       0x6d ../common/startup.o
 .debug_macro   0x0000dc93       0xd8 ../common/delay.o
 .debug_macro   0x0000dd6b       0xe5 ../common/uart.o
 .debug_macro   0x0000de50      0x190 ../common/uart.o
 .debug_macro   0x0000dfe0       0xfe main.o
 .debug_macro   0x0000e0de       0x22 main.o
 .debug_macro   0x0000e100       0x10 main.o
 .debug_macro   0x0000e110       0xfa sim_bdm.o
 .debug_macro   0x0000e20a       0x58 sim_bdm.o
 .debug_macro   0x0000e262      0x1c0 sim_core.o
 .debug_macro   0x0000e422       0x10 sim_core.o
 .debug_macro   0x0000e432      0x14a sim_debug.o
 .debug_macro   0x0000e57c       0x58 sim_debug.o

.debug_line     0x00000000     0x2a5c
 .debug_line    0x00000000      0x466 ../common/startup.o
 .debug_line    0x00000466      0x348 ../common/delay.o
 .debug_line    0x000007ae      0x797 ../common/uart.o
 .debug_line    0x00000f45      0x311 main.o
 .debug_line    0x00001256      0x4b9 sim_bdm.o
 .debug_line    0x0000170f      0xba9 sim_core.o
 .debug_line    0x000022b8      0x7a4 sim_debug.o

.debug_str      0x00000000    0x53a40
 .debug_str     0x00000000    0x53a40 ../common/startup.o
                              0x50099 (size before relaxing)
 .debug_str     0x00053a40    0x4fe8a ../common/delay.o
 .debug_str     0x00053a40    0x503e9 ../common/uart.o
 .debug_str     0x00053a40    0x50440 main.o
 .debug_str     0x00053a40    0x50196 sim_bdm.o
 .debug_str     0x00053a40     0x7101 sim_core.o
 .debug_str     0x00053a40     0x6fcb sim_debug.o

.comment        0x00000000       0x1b
 .comment       0x00000000       0x1b ../common/startup.o
                                 0x1c (size before relaxing)
 .comment       0x0000001b       0x1c ../common/delay.o
 .comment       0x0000001b       0x1c ../common/uart.o
 .comment       0x0000001b       0x1c main.o
 .comment       0x0000001b       0x1c sim_bdm.o
 .comment       0x0000001b       0x1c sim_core.o
 .comment       0x0000001b       0x1c sim_debug.o
 .comment       0x0000001b       0x1c /usr/lib/gcc/arm-none-eabi/15.2.0/../../../../arm-none-eabi/lib/thumb/v7e-m+fp/hard/libc.a(libc_a-memset.o)

.ARM.attributes
                0x00000000       0x34
 .ARM.attributes
                0x00000000       0x34 ../common/startup.o
 .ARM.attributes
                0x00000034       0x34 ../common/delay.o
 .ARM.attributes
                0x00000068       0x34 ../common/uart.o
 .ARM.attributes
                0x0000009c       0x34 main.o
 .ARM.attributes
                0x000000d0       0x34 sim_bdm.o
 .ARM.attributes
                0x00000104       0x34 sim_core.o
 .ARM.attributes
                0x00000138       0x34 sim_debug.o
 .ARM.attributes
                0x0000016c       0x34 /usr/lib/gcc/arm-none-eabi/15.2.0/../../../../arm-none-eabi/lib/thumb/v7e-m+fp/hard/libc.a(libc_a-memset.o)

.debug_frame    0x00000000      0x398
 .debug_frame   0x00000000       0x48 ../common/startup.o
 .debug_frame   0x00000048       0x40 ../common/delay.o
 .debug_frame   0x00000088       0xa8 ../common/uart.o
 .debug_frame   0x00000130       0x2c main.o
 .debug_frame   0x0000015c       0x9c sim_bdm.o
 .debug_frame   0x000001f8       0xd4 sim_core.o
 .debug_frame   0x000002cc       0xcc sim_debug.o

Cross Reference Table

Symbol                                            File
BusFault_Handler                                  ../common/startup.o
DebugMon_Handler                                  ../common/startup.o
Default_Handler                                   ../common/startup.o
HardFault_Handler                                 ../common/startup.o
MemManage_Handler                                 ../common/startup.o
NMI_Handler                                       ../common/startup.o
PendSV_Handler                                    ../common/startup.o
Reset_Handler                                     ../common/startup.o
SVC_Handler                                       ../common/startup.o
SysTick_Handler                                   ../common/startup.o
SystemCoreClock                                   ../common/startup.o
                                                  ../common/delay.o
SystemInit                                        ../common/startup.o
USART1_Handler                                    ../common/uart.o
                                                  ../common/startup.o
UsageFault_Handler                                ../common/startup.o
_close                                            ../common/syscall.o
_ebss                                             ../common/syscall.o
                                                  ../common/startup.o
_edata                                            ../common/startup.o
_estack                                           ../common/syscall.o
                                                  ../common/startup.o
_exit                                             ../common/syscall.o
_fstat                                            ../common/syscall.o
_getpid                                           ../common/syscall.o
_isatty                                           ../common/syscall.o
_kill                                             ../common/syscall.o
_lseek                                            ../common/syscall.o
_read                                             ../common/syscall.o
_sbrk                                             ../common/syscall.o
_sbss                                             ../common/startup.o
_sdata                                            ../common/startup.o
_sidata                                           ../common/startup.o
_write                                            ../common/syscall.o
dbg_drain                                         sim_debug.o
                                                  main.o
dbg_event                                         sim_debug.o
                                                  sim_core.o
dbg_init                                          sim_debug.o
                                                  main.o
dbg_log                                           sim_debug.o
dbg_pending                                       sim_debug.o
delay_ms                                          ../common/delay.o
                                                  main.o
delay_us                                          ../common/delay.o
                                                  sim_bdm.o
main                                              main.o
                                                  ../common/startup.o
memset                                            /usr/lib/gcc/arm-none-eabi/15.2.0/../../../../arm-none-eabi/lib/thumb/v7e-m+fp/hard/libc.a(libc_a-memset.o)
                                                  sim_debug.o
                                                  sim_core.o
sim_bdm_assert_freeze                             sim_bdm.o
                                                  sim_core.o
sim_bdm_bkpt_sampled                              sim_bdm.o
                                                  sim_core.o
sim_bdm_deassert_freeze                           sim_bdm.o
                                                  sim_core.o
sim_bdm_init                                      sim_bdm.o
                                                  sim_core.o
sim_bdm_reset_asserted                            sim_bdm.o
                                                  sim_core.o
sim_bdm_shift_word                                sim_bdm.o
                                                  sim_core.o
sim_bdm_wait_preamble                             sim_bdm.o
                                                  sim_core.o
sim_core_entry_source                             sim_core.o
sim_core_in_bdm                                   sim_core.o
sim_core_init                                     sim_core.o
                                                  main.o
sim_core_run                                      sim_core.o
                                                  main.o
uart_flush                                        ../common/uart.o
                                                  ../common/syscall.o
uart_getc                                         ../common/uart.o
                                                  ../common/syscall.o
uart_init                                         ../common/uart.o
                                                  main.o
uart_putc                                         ../common/uart.o
                                                  sim_debug.o
                                                  ../common/syscall.o
uart_putc_raw                                     ../common/uart.o
uart_puts                                         ../common/uart.o
uart_write                                        ../common/uart.o
vector_table                                      ../common/startup.o
